// Jest Snapshot v1, https://goo.gl/fbAQLP

exports[`UniswapV3Pool gas tests fee is off #burn above current price burn entire position after some time passes 1`] = `58724`;

exports[`UniswapV3Pool gas tests fee is off #burn above current price burn when only position using ticks 1`] = `58724`;

exports[`UniswapV3Pool gas tests fee is off #burn above current price entire position burn but other positions are using the ticks 1`] = `82782`;

exports[`UniswapV3Pool gas tests fee is off #burn above current price partial position burn 1`] = `97782`;

exports[`UniswapV3Pool gas tests fee is off #burn around current price burn entire position after some time passes 1`] = `69534`;

exports[`UniswapV3Pool gas tests fee is off #burn around current price burn when only position using ticks 1`] = `66330`;

exports[`UniswapV3Pool gas tests fee is off #burn around current price entire position burn but other positions are using the ticks 1`] = `87593`;

exports[`UniswapV3Pool gas tests fee is off #burn around current price partial position burn 1`] = `102593`;

exports[`UniswapV3Pool gas tests fee is off #burn below current price burn entire position after some time passes 1`] = `64636`;

exports[`UniswapV3Pool gas tests fee is off #burn below current price burn when only position using ticks 1`] = `64636`;

exports[`UniswapV3Pool gas tests fee is off #burn below current price entire position burn but other positions are using the ticks 1`] = `83405`;

exports[`UniswapV3Pool gas tests fee is off #burn below current price partial position burn 1`] = `98405`;

exports[`UniswapV3Pool gas tests fee is off #collect close to worst case 1`] = `35860`;

exports[`UniswapV3Pool gas tests fee is off #increaseObservationCardinalityNext grow by 1 slot 1`] = `51098`;

exports[`UniswapV3Pool gas tests fee is off #increaseObservationCardinalityNext no op 1`] = `24677`;

exports[`UniswapV3Pool gas tests fee is off #mint above current price add to position after some time passes 1`] = `109505`;

exports[`UniswapV3Pool gas tests fee is off #mint above current price add to position existing 1`] = `109505`;

exports[`UniswapV3Pool gas tests fee is off #mint above current price new position mint first in range 1`] = `228203`;

exports[`UniswapV3Pool gas tests fee is off #mint above current price second position in same range 1`] = `126605`;

exports[`UniswapV3Pool gas tests fee is off #mint around current price add to position after some time passes 1`] = `147967`;

exports[`UniswapV3Pool gas tests fee is off #mint around current price add to position existing 1`] = `138758`;

exports[`UniswapV3Pool gas tests fee is off #mint around current price new position mint first in range 1`] = `329148`;

exports[`UniswapV3Pool gas tests fee is off #mint around current price second position in same range 1`] = `155858`;

exports[`UniswapV3Pool gas tests fee is off #mint below current price add to position after some time passes 1`] = `110079`;

exports[`UniswapV3Pool gas tests fee is off #mint below current price add to position existing 1`] = `110079`;

exports[`UniswapV3Pool gas tests fee is off #mint below current price new position mint first in range 1`] = `309943`;

exports[`UniswapV3Pool gas tests fee is off #mint below current price second position in same range 1`] = `127179`;

exports[`UniswapV3Pool gas tests fee is off #poke best case 1`] = `52006`;

exports[`UniswapV3Pool gas tests fee is off #snapshotCumulativesInside tick above 1`] = `29655`;

exports[`UniswapV3Pool gas tests fee is off #snapshotCumulativesInside tick below 1`] = `29617`;

exports[`UniswapV3Pool gas tests fee is off #snapshotCumulativesInside tick inside 1`] = `37077`;

exports[`UniswapV3Pool gas tests fee is off #swapExact0For1 first swap in block moves tick, no initialized crossings 1`] = `123590`;

exports[`UniswapV3Pool gas tests fee is off #swapExact0For1 first swap in block with no tick movement 1`] = `107682`;

exports[`UniswapV3Pool gas tests fee is off #swapExact0For1 first swap in block, large swap crossing a single initialized tick 1`] = `138672`;

exports[`UniswapV3Pool gas tests fee is off #swapExact0For1 first swap in block, large swap crossing several initialized ticks 1`] = `161678`;

exports[`UniswapV3Pool gas tests fee is off #swapExact0For1 first swap in block, large swap, no initialized crossings 1`] = `138249`;

exports[`UniswapV3Pool gas tests fee is off #swapExact0For1 large swap crossing several initialized ticks after some time passes 1`] = `161678`;

exports[`UniswapV3Pool gas tests fee is off #swapExact0For1 large swap crossing several initialized ticks second time after some time passes 1`] = `221678`;

exports[`UniswapV3Pool gas tests fee is off #swapExact0For1 second swap in block moves tick, no initialized crossings 1`] = `123590`;

exports[`UniswapV3Pool gas tests fee is off #swapExact0For1 second swap in block with no tick movement 1`] = `107793`;

exports[`UniswapV3Pool gas tests fee is off #swapExact0For1 second swap in block, large swap crossing a single initialized tick 1`] = `125201`;

exports[`UniswapV3Pool gas tests fee is off #swapExact0For1 second swap in block, large swap crossing several initialized ticks 1`] = `148185`;

exports[`UniswapV3Pool gas tests fee is on #burn above current price burn entire position after some time passes 1`] = `58724`;

exports[`UniswapV3Pool gas tests fee is on #burn above current price burn when only position using ticks 1`] = `58724`;

exports[`UniswapV3Pool gas tests fee is on #burn above current price entire position burn but other positions are using the ticks 1`] = `82782`;

exports[`UniswapV3Pool gas tests fee is on #burn above current price partial position burn 1`] = `97782`;

exports[`UniswapV3Pool gas tests fee is on #burn around current price burn entire position after some time passes 1`] = `69534`;

exports[`UniswapV3Pool gas tests fee is on #burn around current price burn when only position using ticks 1`] = `66330`;

exports[`UniswapV3Pool gas tests fee is on #burn around current price entire position burn but other positions are using the ticks 1`] = `87593`;

exports[`UniswapV3Pool gas tests fee is on #burn around current price partial position burn 1`] = `102593`;

exports[`UniswapV3Pool gas tests fee is on #burn below current price burn entire position after some time passes 1`] = `64636`;

exports[`UniswapV3Pool gas tests fee is on #burn below current price burn when only position using ticks 1`] = `64636`;

exports[`UniswapV3Pool gas tests fee is on #burn below current price entire position burn but other positions are using the ticks 1`] = `83405`;

exports[`UniswapV3Pool gas tests fee is on #burn below current price partial position burn 1`] = `98405`;

exports[`UniswapV3Pool gas tests fee is on #collect close to worst case 1`] = `35860`;

exports[`UniswapV3Pool gas tests fee is on #increaseObservationCardinalityNext grow by 1 slot 1`] = `51098`;

exports[`UniswapV3Pool gas tests fee is on #increaseObservationCardinalityNext no op 1`] = `24677`;

exports[`UniswapV3Pool gas tests fee is on #mint above current price add to position after some time passes 1`] = `109493`;

exports[`UniswapV3Pool gas tests fee is on #mint above current price add to position existing 1`] = `109493`;

exports[`UniswapV3Pool gas tests fee is on #mint above current price new position mint first in range 1`] = `228191`;

exports[`UniswapV3Pool gas tests fee is on #mint above current price second position in same range 1`] = `126593`;

exports[`UniswapV3Pool gas tests fee is on #mint around current price add to position after some time passes 1`] = `147955`;

exports[`UniswapV3Pool gas tests fee is on #mint around current price add to position existing 1`] = `138746`;

exports[`UniswapV3Pool gas tests fee is on #mint around current price new position mint first in range 1`] = `329136`;

exports[`UniswapV3Pool gas tests fee is on #mint around current price second position in same range 1`] = `155846`;

exports[`UniswapV3Pool gas tests fee is on #mint below current price add to position after some time passes 1`] = `110067`;

exports[`UniswapV3Pool gas tests fee is on #mint below current price add to position existing 1`] = `110067`;

exports[`UniswapV3Pool gas tests fee is on #mint below current price new position mint first in range 1`] = `309931`;

exports[`UniswapV3Pool gas tests fee is on #mint below current price second position in same range 1`] = `127167`;

exports[`UniswapV3Pool gas tests fee is on #poke best case 1`] = `52006`;

exports[`UniswapV3Pool gas tests fee is on #snapshotCumulativesInside tick above 1`] = `29655`;

exports[`UniswapV3Pool gas tests fee is on #snapshotCumulativesInside tick below 1`] = `29617`;

exports[`UniswapV3Pool gas tests fee is on #snapshotCumulativesInside tick inside 1`] = `37077`;

exports[`UniswapV3Pool gas tests fee is on #swapExact0For1 first swap in block moves tick, no initialized crossings 1`] = `128965`;

exports[`UniswapV3Pool gas tests fee is on #swapExact0For1 first swap in block with no tick movement 1`] = `112910`;

exports[`UniswapV3Pool gas tests fee is on #swapExact0For1 first swap in block, large swap crossing a single initialized tick 1`] = `144194`;

exports[`UniswapV3Pool gas tests fee is on #swapExact0For1 first swap in block, large swap crossing several initialized ticks 1`] = `167641`;

exports[`UniswapV3Pool gas tests fee is on #swapExact0For1 first swap in block, large swap, no initialized crossings 1`] = `143918`;

exports[`UniswapV3Pool gas tests fee is on #swapExact0For1 large swap crossing several initialized ticks after some time passes 1`] = `167641`;

exports[`UniswapV3Pool gas tests fee is on #swapExact0For1 large swap crossing several initialized ticks second time after some time passes 1`] = `227641`;

exports[`UniswapV3Pool gas tests fee is on #swapExact0For1 second swap in block moves tick, no initialized crossings 1`] = `128965`;

exports[`UniswapV3Pool gas tests fee is on #swapExact0For1 second swap in block with no tick movement 1`] = `113021`;

exports[`UniswapV3Pool gas tests fee is on #swapExact0For1 second swap in block, large swap crossing a single initialized tick 1`] = `130576`;

exports[`UniswapV3Pool gas tests fee is on #swapExact0For1 second swap in block, large swap crossing several initialized ticks 1`] = `154001`;
